==========================================================
[10167673/1] fast benchmarks on concrete
Node: cn-f004.server.mila.quebec | started: Tue Jul 21 14:05:22 EDT 2026
==========================================================
[=== Module python/3.10 loaded ===]
[linear] concrete split 1: test_rmse=11.1751 test_r2=0.5210 (0.0s)
[ridge] concrete split 1: test_rmse=11.1692 test_r2=0.5215 (0.0s)
[lasso] concrete split 1: test_rmse=11.1345 test_r2=0.5244 (0.1s)
[bayesian_ridge] concrete split 1: test_rmse=11.1614 test_r2=0.5221 (0.0s)
[linear] concrete split 2: test_rmse=10.2850 test_r2=0.5700 (0.0s)
[ridge] concrete split 2: test_rmse=10.2916 test_r2=0.5695 (0.0s)
[lasso] concrete split 2: test_rmse=10.3263 test_r2=0.5666 (0.1s)
[bayesian_ridge] concrete split 2: test_rmse=10.2953 test_r2=0.5692 (0.0s)
[linear] concrete split 3: test_rmse=11.1017 test_r2=0.5790 (0.0s)
[ridge] concrete split 3: test_rmse=11.1049 test_r2=0.5787 (0.0s)
[lasso] concrete split 3: test_rmse=11.1062 test_r2=0.5786 (0.1s)
[bayesian_ridge] concrete split 3: test_rmse=11.1109 test_r2=0.5783 (0.0s)
[linear] concrete split 4: test_rmse=11.6130 test_r2=0.5543 (0.0s)
[ridge] concrete split 4: test_rmse=11.6243 test_r2=0.5534 (0.0s)
[lasso] concrete split 4: test_rmse=11.6532 test_r2=0.5512 (0.1s)
[bayesian_ridge] concrete split 4: test_rmse=11.6301 test_r2=0.5530 (0.0s)
[linear] concrete split 5: test_rmse=10.2490 test_r2=0.5521 (0.0s)
[ridge] concrete split 5: test_rmse=10.2411 test_r2=0.5528 (0.0s)
[lasso] concrete split 5: test_rmse=10.2411 test_r2=0.5528 (0.1s)
[bayesian_ridge] concrete split 5: test_rmse=10.2310 test_r2=0.5537 (0.0s)
[gp] concrete split 1: test_rmse=6.0016 test_r2=0.8618 (101.0s)
[gp] concrete split 2: test_rmse=5.8487 test_r2=0.8610 (90.0s)
[gp] concrete split 3: test_rmse=4.8806 test_r2=0.9186 (107.2s)
[gp] concrete split 4: test_rmse=5.2006 test_r2=0.9106 (51.0s)
[gp] concrete split 5: test_rmse=4.9228 test_r2=0.8967 (74.3s)
[xgboost] concrete split 1: test_rmse=4.5098 test_r2=0.9220 (1.0s)
[lightgbm] concrete split 1: test_rmse=4.5165 test_r2=0.9218 (0.6s)
[xgboost] concrete split 2: test_rmse=4.4172 test_r2=0.9207 (0.6s)
[lightgbm] concrete split 2: test_rmse=4.4319 test_r2=0.9202 (0.4s)
[xgboost] concrete split 3: test_rmse=3.4771 test_r2=0.9587 (0.6s)
[lightgbm] concrete split 3: test_rmse=4.0247 test_r2=0.9447 (0.2s)
[xgboost] concrete split 4: test_rmse=3.9223 test_r2=0.9492 (0.6s)
[lightgbm] concrete split 4: test_rmse=3.7316 test_r2=0.9540 (0.4s)
[xgboost] concrete split 5: test_rmse=4.3023 test_r2=0.9211 (0.8s)
[lightgbm] concrete split 5: test_rmse=4.4020 test_r2=0.9174 (0.5s)
fast benchmarks on concrete DONE at Tue Jul 21 14:12:48 EDT 2026
