==========================================================
[10167673/2] fast benchmarks on diabetes
Node: cn-f004.server.mila.quebec | started: Tue Jul 21 14:05:22 EDT 2026
==========================================================
[=== Module python/3.10 loaded ===]
[linear] diabetes split 1: test_rmse=54.7045 test_r2=0.4384 (0.0s)
[ridge] diabetes split 1: test_rmse=55.0045 test_r2=0.4323 (0.0s)
[lasso] diabetes split 1: test_rmse=55.0154 test_r2=0.4320 (0.1s)
[bayesian_ridge] diabetes split 1: test_rmse=55.0265 test_r2=0.4318 (0.0s)
[linear] diabetes split 2: test_rmse=55.6278 test_r2=0.4399 (0.0s)
[ridge] diabetes split 2: test_rmse=55.5409 test_r2=0.4417 (0.0s)
[lasso] diabetes split 2: test_rmse=55.7326 test_r2=0.4378 (0.1s)
[bayesian_ridge] diabetes split 2: test_rmse=55.2790 test_r2=0.4469 (0.0s)
[linear] diabetes split 3: test_rmse=56.2247 test_r2=0.4162 (0.0s)
[ridge] diabetes split 3: test_rmse=56.1663 test_r2=0.4174 (0.0s)
[lasso] diabetes split 3: test_rmse=56.1730 test_r2=0.4173 (0.1s)
[bayesian_ridge] diabetes split 3: test_rmse=56.1211 test_r2=0.4183 (0.0s)
[linear] diabetes split 4: test_rmse=54.2158 test_r2=0.4611 (0.0s)
[ridge] diabetes split 4: test_rmse=54.0850 test_r2=0.4637 (0.0s)
[lasso] diabetes split 4: test_rmse=53.9157 test_r2=0.4671 (0.1s)
[bayesian_ridge] diabetes split 4: test_rmse=53.8407 test_r2=0.4685 (0.0s)
[linear] diabetes split 5: test_rmse=54.6039 test_r2=0.5272 (0.0s)
[ridge] diabetes split 5: test_rmse=54.6057 test_r2=0.5271 (0.0s)
[lasso] diabetes split 5: test_rmse=55.6402 test_r2=0.5090 (0.1s)
[bayesian_ridge] diabetes split 5: test_rmse=54.7909 test_r2=0.5239 (0.0s)
/network/scratch/a/arnit/venvs/gflownet-env/lib/python3.10/site-packages/sklearn/gaussian_process/kernels.py:450: ConvergenceWarning: The optimal value found for dimension 5 of parameter k1__k2__length_scale is close to the specified upper bound 100000.0. Increasing the bound and calling fit again may find a better value.
  warnings.warn(
/network/scratch/a/arnit/venvs/gflownet-env/lib/python3.10/site-packages/sklearn/gaussian_process/kernels.py:450: ConvergenceWarning: The optimal value found for dimension 7 of parameter k1__k2__length_scale is close to the specified upper bound 100000.0. Increasing the bound and calling fit again may find a better value.
  warnings.warn(
/network/scratch/a/arnit/venvs/gflownet-env/lib/python3.10/site-packages/sklearn/gaussian_process/kernels.py:450: ConvergenceWarning: The optimal value found for dimension 9 of parameter k1__k2__length_scale is close to the specified upper bound 100000.0. Increasing the bound and calling fit again may find a better value.
  warnings.warn(
[gp] diabetes split 1: test_rmse=57.8247 test_r2=0.3725 (5.8s)
[gp] diabetes split 2: test_rmse=55.0775 test_r2=0.4510 (8.4s)
[gp] diabetes split 3: test_rmse=54.5351 test_r2=0.4507 (11.8s)
[gp] diabetes split 4: test_rmse=54.3618 test_r2=0.4582 (11.6s)
/network/scratch/a/arnit/venvs/gflownet-env/lib/python3.10/site-packages/sklearn/gaussian_process/kernels.py:450: ConvergenceWarning: The optimal value found for dimension 5 of parameter k1__k2__length_scale is close to the specified upper bound 100000.0. Increasing the bound and calling fit again may find a better value.
  warnings.warn(
[gp] diabetes split 5: test_rmse=53.3191 test_r2=0.5491 (4.9s)
[xgboost] diabetes split 1: test_rmse=60.4859 test_r2=0.3135 (0.1s)
[lightgbm] diabetes split 1: test_rmse=57.1607 test_r2=0.3869 (0.0s)
[xgboost] diabetes split 2: test_rmse=61.2938 test_r2=0.3200 (0.1s)
[lightgbm] diabetes split 2: test_rmse=58.1772 test_r2=0.3874 (0.0s)
[xgboost] diabetes split 3: test_rmse=58.7804 test_r2=0.3619 (0.1s)
[lightgbm] diabetes split 3: test_rmse=57.9135 test_r2=0.3806 (0.0s)
[xgboost] diabetes split 4: test_rmse=60.0882 test_r2=0.3380 (0.1s)
[lightgbm] diabetes split 4: test_rmse=58.0929 test_r2=0.3813 (0.0s)
[xgboost] diabetes split 5: test_rmse=54.5645 test_r2=0.5278 (0.1s)
[lightgbm] diabetes split 5: test_rmse=51.2132 test_r2=0.5841 (0.0s)
fast benchmarks on diabetes DONE at Tue Jul 21 14:06:13 EDT 2026
