==========================================================
[10167673/3] fast benchmarks on energy
Node: cn-f003.server.mila.quebec | started: Tue Jul 21 14:05:22 EDT 2026
==========================================================
[=== Module python/3.10 loaded ===]
[linear] energy split 1: test_rmse=3.1969 test_r2=0.8983 (0.0s)
[ridge] energy split 1: test_rmse=3.1970 test_r2=0.8983 (0.0s)
[lasso] energy split 1: test_rmse=3.2029 test_r2=0.8979 (0.1s)
[bayesian_ridge] energy split 1: test_rmse=3.1978 test_r2=0.8982 (0.0s)
[linear] energy split 2: test_rmse=3.1129 test_r2=0.8960 (0.0s)
[ridge] energy split 2: test_rmse=3.1119 test_r2=0.8961 (0.0s)
[lasso] energy split 2: test_rmse=3.1107 test_r2=0.8961 (0.1s)
[bayesian_ridge] energy split 2: test_rmse=3.1089 test_r2=0.8963 (0.0s)
[linear] energy split 3: test_rmse=2.8469 test_r2=0.9211 (0.0s)
[ridge] energy split 3: test_rmse=2.8462 test_r2=0.9211 (0.0s)
[lasso] energy split 3: test_rmse=2.8489 test_r2=0.9209 (0.1s)
[bayesian_ridge] energy split 3: test_rmse=2.8444 test_r2=0.9212 (0.0s)
[linear] energy split 4: test_rmse=2.8495 test_r2=0.9174 (0.0s)
[ridge] energy split 4: test_rmse=2.8492 test_r2=0.9174 (0.0s)
[lasso] energy split 4: test_rmse=2.8470 test_r2=0.9176 (0.1s)
[bayesian_ridge] energy split 4: test_rmse=2.8489 test_r2=0.9175 (0.0s)
[linear] energy split 5: test_rmse=3.0865 test_r2=0.9047 (0.0s)
[ridge] energy split 5: test_rmse=3.0869 test_r2=0.9046 (0.0s)
[lasso] energy split 5: test_rmse=3.0915 test_r2=0.9044 (0.1s)
[bayesian_ridge] energy split 5: test_rmse=3.0884 test_r2=0.9045 (0.0s)
[gp] energy split 1: test_rmse=0.4932 test_r2=0.9976 (48.7s)
[gp] energy split 2: test_rmse=0.4960 test_r2=0.9974 (39.0s)
[gp] energy split 3: test_rmse=0.4623 test_r2=0.9979 (52.1s)
[gp] energy split 4: test_rmse=0.4664 test_r2=0.9978 (50.2s)
[gp] energy split 5: test_rmse=0.4712 test_r2=0.9978 (41.6s)
[xgboost] energy split 1: test_rmse=0.3810 test_r2=0.9986 (0.1s)
[lightgbm] energy split 1: test_rmse=0.3872 test_r2=0.9985 (0.4s)
[xgboost] energy split 2: test_rmse=0.3574 test_r2=0.9986 (0.9s)
[lightgbm] energy split 2: test_rmse=0.4994 test_r2=0.9973 (0.1s)
[xgboost] energy split 3: test_rmse=0.3271 test_r2=0.9990 (0.3s)
[lightgbm] energy split 3: test_rmse=0.3923 test_r2=0.9985 (0.2s)
[xgboost] energy split 4: test_rmse=0.3415 test_r2=0.9988 (0.3s)
[lightgbm] energy split 4: test_rmse=0.3918 test_r2=0.9984 (0.4s)
[xgboost] energy split 5: test_rmse=0.3532 test_r2=0.9988 (0.2s)
[lightgbm] energy split 5: test_rmse=0.4142 test_r2=0.9983 (0.1s)
fast benchmarks on energy DONE at Tue Jul 21 14:09:30 EDT 2026
